---
source: crates/krypt-cli/tests/e2e.rs
assertion_line: 432
expression: stdout
---
krypt [VERSION]

✓ tool config        [TEMP]/.config/krypt/config.toml
✓ repo path          [TEMP]/.config/krypt/repo
✗ repo is git        not a git repo: "[TEMP]/.config/krypt/repo" does not appear to be a git repository
✗ working tree       skipped — repo not available
✓ config             parses, 1 links
✓ link sources       all 1 exist
✓ link destinations  1 clean
✓ manifest           1 entries, last deploy [AGE]
✓ platform           linux
- package manager    pending #19
- hooks              pending #43

2/11 checks need attention.
